# oxc-css-parser conformance — `cargo run -p conformance`
# success = clean parse; failed = recovered + hard_error + panic

suite                   files  success  failed   clean  recov  harderr  panic
css-parsing-tests           0        0       0       0      0        0      0
wpt                         5        3       2       3      0        2      0
csswg-drafts                9        8       1       8      0        1      0
webref                      0        0       0       0      0        0      0
postcss-parser-tests       30       23       7      23      1        6      0
sass-spec               26785    25407    1378   25407     29     1349      0
less.js                   459      378      81     378      3       78      0
------------------------------------------------------------------------
total                   27288    25819    1469   25819     33     1436      0

# by syntax
syntax                  files  success  failed   clean  recov  harderr  panic
css                     11795    10959     836   10959      5      831      0
scss                    14748    14384     364   14384     22      342      0
sass                      439      226     213     226      4      209      0
less                      306      250      56     250      2       54      0
